node.exe : PASS tests/unit/log_manager.test.ts
所在位置 行:1 字符: 1
+ & "C:\Program Files\nodejs/node.exe" "C:\Program Files\nodejs/node_mo ...
+ ~~~~~~~~~~~~~~~~~~~~~~~~~~~~~~~~~~~~~~~~~~~~~~~~~~~~~~~~~~~~~~~~~~~~~
    + CategoryInfo          : NotSpecified: (PASS tests/unit/log_manager.test.ts:String) [], RemoteException
    + FullyQualifiedErrorId : NativeCommandError
 
  LogManager
    鈭?should write a log (24 ms)
    鈭?should query logs by level (3 ms)
    鈭?should cleanup logs (1 ms)

PASS tests/unit/task_manager.test.ts
  TaskManager
    鈭?should create a task (22 ms)
    鈭?should get a task (1 ms)
    鈭?should complete a task (4 ms)
    鈭?should get all tasks (2 ms)

  console.log
    [MCP] Tool [fetch_user] mounted successfully

      at MCPRegistry.registerTool (src/mcp/MCPRegistry.ts:35:13)

  console.log
    [MCP] Tool [sum] mounted successfully

      at MCPRegistry.registerTool (src/mcp/MCPRegistry.ts:35:13)

  console.log
    [MCP] Executing tool [sum] with args: { a: 10, b: 20 }

      at MCPRegistry.executeTool (src/mcp/MCPRegistry.ts:68:15)

  console.warn
    WARNING: better-sqlite3 not installed, using in-memory fallback mode

    [0m [90m 12 |[39m   [33mDatabaseDriver[39m [33m=[39m require([32m'better-sqlite3'[39m)[33m;[39m
     [90m 13 |[39m } [36mcatch[39m (error) {
    [31m[1m>[22m[39m[90m 14 |[39m   console[33m.[39mwarn([32m'WARNING: better-sqlite3 not installed, using in-memory fallback mode'[39m)[33m;[39m
     [90m    |[39m           [31m[1m^[22m[39m
     [90m 15 |[39m }
     [90m 16 |[39m
     [90m 17 |[39m [36mclass[39m [33mCerebriaDatabase[39m {[0m

      at Object.<anonymous> (src/persistence/Database.ts:14:11)
      at Object.<anonymous> (src/persistence/PersistentTaskManager.ts:9:1)
      at Object.<anonymous> (tests/unit/recovery.test.ts:1:1)

  console.warn
    [MCP] Tool [ghost] not found in Registry

    [0m [90m 61 |[39m     [36mconst[39m tool [33m=[39m [36mthis[39m[33m.[39mtools[33m.[39m[36mget[39m(name)[33m;[39m
     [90m 62 |[39m     [36mif[39m ([33m![39mtool) {
    [31m[1m>[22m[39m[90m 63 |[39m       console[33m.[39mwarn([32m`[MCP] Tool [${name}] not found in Registry`[39m)[33m;[39m
     [90m    |[39m               [31m[1m^[22m[39m
     [90m 64 |[39m       [36mreturn[39m { isError[33m:[39m [36mtrue[39m[33m,[39m content[33m:[39m [32m`Error: Tool [${name}] is not registered.`[39m }[33m;[39m
     [90m 65 |[39m     }
     [90m 66 |[39m[0m

      at MCPRegistry.executeTool (src/mcp/MCPRegistry.ts:63:15)
      at Object.<anonymous> (tests/unit/mcp.test.ts:52:37)

  console.log
    [MCP] Tool [thrower] mounted successfully

      at MCPRegistry.registerTool (src/mcp/MCPRegistry.ts:35:13)

  console.log
    [MCP] Executing tool [thrower] with args: {}

      at MCPRegistry.executeTool (src/mcp/MCPRegistry.ts:68:15)

  console.warn
    [MCP] Tool execution failed for [thrower]: Boom

    [0m [90m 71 |[39m       [36mreturn[39m result[33m;[39m
     [90m 72 |[39m     } [36mcatch[39m (error[33m:[39m any) {
    [31m[1m>[22m[39m[90m 73 |[39m       console[33m.[39mwarn([32m`[MCP] Tool execution failed for [${name}]:`[39m[33m,[39m error[33m.[39mmessage)[33m;[39m
     [90m    |[39m               [31m[1m^[22m[39m
     [90m 74 |[39m       [36mreturn[39m { isError[33m:[39m [36mtrue[39m[33m,[39m content[33m:[39m [32m`Error during tool execution: ${error.message}`[39m }[33m;[39m
     [90m 75 |[39m     }
     [90m 76 |[39m   }[0m

      at MCPRegistry.executeTool (src/mcp/MCPRegistry.ts:73:15)
      at Object.<anonymous> (tests/unit/mcp.test.ts:67:22)

PASS tests/unit/mcp.test.ts
  MCP Registry
    Registration & Schemas
      鈭?should register a valid tool and allow schema retrieval (150 ms)
      鈭?should throw when registering invalid tool (30 ms)
    Execution Engine
      鈭?should cleanly execute bound handler (8 ms)
      鈭?should return error object for non-existent tools (26 ms)
      鈭?should safely propagate handler errors (8 ms)

  console.log
    鉁?Scheduler started

      at IntelligentScheduler.start (src/scheduler.ts:59:13)

  console.log
    [WorkerPool] Started with concurrency 2

      at WorkerPool.start (src/core/WorkerPool.ts:50:13)

PASS tests/unit/backup_manager.test.ts
  BackupManager
    鈭?should create a backup (24 ms)
    鈭?should list backups (4 ms)
    鈭?should restore a backup (2 ms)
    鈭?should fail to restore non-existent backup (18 ms)

  console.log
    [WorkerPool] Worker 0 idling...

      at WorkerPool.spawnWorker (src/core/WorkerPool.ts:64:13)

  console.log
    [WorkerPool] Worker 1 idling...

      at WorkerPool.spawnWorker (src/core/WorkerPool.ts:64:13)

  console.log
    馃洝锔?Recovery Engine: Intercepted and recovered 1 orphaned tasks.

      at PersistentTaskManager.recoverOrphanedTasks (src/persistence/PersistentTaskManager.ts:632:17)

  console.log
    [WorkerPool] Stopped

      at WorkerPool.stop (src/core/WorkerPool.ts:60:13)

  console.log
    鈴癸笍 Scheduler stopped

      at IntelligentScheduler.stop (src/scheduler.ts:66:13)

  console.log
    鉁?Scheduler started

      at IntelligentScheduler.start (src/scheduler.ts:59:13)

  console.log
    [WorkerPool] Started with concurrency 2

      at WorkerPool.start (src/core/WorkerPool.ts:50:13)

  console.log
    [WorkerPool] Worker 0 idling...

      at WorkerPool.spawnWorker (src/core/WorkerPool.ts:64:13)

  console.warn
    WARNING: better-sqlite3 not installed, using in-memory fallback mode

    [0m [90m 12 |[39m   [33mDatabaseDriver[39m [33m=[39m require([32m'better-sqlite3'[39m)[33m;[39m
     [90m 13 |[39m } [36mcatch[39m (error) {
    [31m[1m>[22m[39m[90m 14 |[39m   console[33m.[39mwarn([32m'WARNING: better-sqlite3 not installed, using in-memory fallback mode'[39m)[33m;[39m
     [90m    |[39m           [31m[1m^[22m[39m
     [90m 15 |[39m }
     [90m 16 |[39m
     [90m 17 |[39m [36mclass[39m [33mCerebriaDatabase[39m {[0m

      at Object.<anonymous> (src/persistence/Database.ts:14:11)
      at Object.<anonymous> (src/persistence/PersistentTaskManager.ts:9:1)
      at Object.<anonymous> (src/index.ts:34:27)
      at Object.<anonymous> (tests/integration/system.test.ts:1:1)

  console.log
    [WorkerPool] Worker 1 idling...

      at WorkerPool.spawnWorker (src/core/WorkerPool.ts:64:13)

  console.log
    [Scheduler] Detected 1 recovering tasks. Enqueuing for execution...

      at src/scheduler.ts:46:17
          at Array.forEach (<anonymous>)

  console.log
    [Scheduler] Detected 1 recovering tasks. Enqueuing for execution...

      at src/scheduler.ts:46:17
          at Array.forEach (<anonymous>)

  console.log
    馃殌 Cerebria Runtime Initialized (Memory Mode)

      at Object.initialize (src/index.ts:123:13)

PASS src/memory/__tests__/MemoryManager.test.ts
  MemoryManager
    鈭?should remember and recall memories (15 ms)
    鈭?should support filtering by type (1 ms)
    鈭?should forget memories (1 ms)

  console.log
    [WorkerPool] Stopped

      at WorkerPool.stop (src/core/WorkerPool.ts:60:13)

  console.log
    鈴癸笍 Scheduler stopped

      at IntelligentScheduler.stop (src/scheduler.ts:66:13)

  console.log
    [WorkerPool] Stopped

      at WorkerPool.stop (src/core/WorkerPool.ts:60:13)

  console.log
    馃殌 Cerebria Runtime Initialized (Memory Mode)

      at Object.initialize (src/index.ts:123:13)

  console.log
    [WorkerPool] Started with concurrency 1

      at WorkerPool.start (src/core/WorkerPool.ts:50:13)

  console.log
    [WorkerPool] Stopped

      at WorkerPool.stop (src/core/WorkerPool.ts:60:13)

  console.log
    [WorkerPool] Worker 0 idling...

      at WorkerPool.spawnWorker (src/core/WorkerPool.ts:64:13)

  console.log
    鈴癸笍 Scheduler stopped

      at IntelligentScheduler.stop (src/scheduler.ts:66:13)

  console.log
    [WorkerPool] Worker 0 securely executing Task [mock_task_1] - Mock Task

      at WorkerPool.executeTask (src/core/WorkerPool.ts:97:13)

  console.log
    馃殌 Cerebria Runtime Initialized (Memory Mode)

      at Object.initialize (src/index.ts:123:13)

  console.log
    [WorkerPool] Stopped

      at WorkerPool.stop (src/core/WorkerPool.ts:60:13)

  console.log
    鈴癸笍 Scheduler stopped

      at IntelligentScheduler.stop (src/scheduler.ts:66:13)

PASS tests/integration/system.test.ts
  Cerebria Integration
    鈭?should initialize system (33 ms)
    鈭?should create and retrieve task (8 ms)
    鈭?should create backup (8 ms)

  console.log
    [WorkerPool] Stopped

      at WorkerPool.stop (src/core/WorkerPool.ts:60:13)

PASS tests/unit/worker.test.ts
  WorkerPool
    鈭?should throw if started without a queue hook (181 ms)
    鈭?should pull and execute a task (114 ms)

PASS src/memory/__tests__/LimbicDBBackend.integration.test.ts
  LimbicDBBackend Integration Tests
    鈭?should successfully remember and recall a memory (252 ms)
    鈭?should persist data after backend restart (102 ms)
    鈭?should filter memories by type (69 ms)
    鈭?should handle concurrent writes safely (stress test) (66 ms)
    鈭?should return empty array for non-existent query (61 ms)
    鈭?should forget a specific memory (56 ms)

  console.log
    [WorkerPool] Worker 0 securely executing Task [task_crashed_1] - Interrupted Task

      at WorkerPool.executeTask (src/core/WorkerPool.ts:97:13)

  console.warn
    [WorkerPool] Task task_crashed_1 has no reliable callback or intent. Cannot reconstruct execution frame. Recovery halted.

    [0m [90m 125 |[39m       [36melse[39m {
     [90m 126 |[39m         [90m// Task resumed from DB without an intent mapping and no callback[39m
    [31m[1m>[22m[39m[90m 127 |[39m         console[33m.[39mwarn([32m`[WorkerPool] Task ${task.id} has no reliable callback or intent. Cannot reconstruct execution frame. Recovery halted.`[39m)[33m;[39m
     [90m     |[39m                 [31m[1m^[22m[39m
     [90m 128 |[39m         [36mawait[39m [36mthis[39m[33m.[39msleep([35m500[39m)[33m;[39m
     [90m 129 |[39m         [33mEventBus[39m[33m.[39mgetInstance()[33m.[39memit([32m'task:failed'[39m[33m,[39m { taskId[33m:[39m task[33m.[39mid[33m,[39m workerId[33m,[39m error[33m:[39m [32m'Context Lost'[39m })[33m;[39m
     [90m 130 |[39m       }[0m

      at WorkerPool.executeTask (src/core/WorkerPool.ts:127:17)
      at WorkerPool.spawnWorker (src/core/WorkerPool.ts:80:20)

  console.log
    [WorkerPool] Stopped

      at WorkerPool.stop (src/core/WorkerPool.ts:60:13)

  console.log
    鈴癸笍 Scheduler stopped

      at IntelligentScheduler.stop (src/scheduler.ts:66:13)

FAIL tests/unit/recovery.test.ts (7.01 s)
  Crash Recovery Engine
    鈭?should recover orphaned active tasks from the database (62 ms)
    脳 should emit recovery events and trigger the scheduler (2409 ms)

  鈼?Crash Recovery Engine 鈥?should emit recovery events and trigger the scheduler

    expect(jest.fn()).toHaveBeenCalledWith(...expected)

    Expected: ObjectContaining {"taskId": "task_crashed_1"}

    Number of calls: 0

    [0m [90m 73 |[39m     })[33m;[39m
     [90m 74 |[39m
    [31m[1m>[22m[39m[90m 75 |[39m     expect(mockCallback)[33m.[39mtoHaveBeenCalledWith(expect[33m.[39mobjec
tContaining({ taskId[33m:[39m [32m'task_crashed_1'[39m }))[33m;[39m
     [90m    |[39m                          [31m[1m^[22m[39m
     [90m 76 |[39m   })[33m;[39m
     [90m 77 |[39m })[33m;[39m
     [90m 78 |[39m[0m

      at Object.<anonymous> (tests/unit/recovery.test.ts:75:26)

Test Suites: 1 failed, 8 passed, 9 total
Tests:       1 failed, 31 passed, 32 total
Snapshots:   0 total
Time:        8.618 s, estimated 9 s
Ran all test suites.
